<?xml version="1.0" encoding="UTF-8" standalone="yes"?><measureScores><structure><description><filename>14_ChenPostExp_1_rpr.pdb</filename><errors/></description><score>17.326</score></structure></measureScores>