<?xml version="1.0" encoding="UTF-8" standalone="yes"?><infScores><structure><description><filename>14_ChenPostExp_1_rpr.pdb</filename><errors/></description><infs><wc>0.904</wc><nwc>0.094</nwc><stacking>0.653</stacking><all>0.636</all></infs></structure></infScores>