<?xml version="1.0" encoding="UTF-8" standalone="yes"?><measureScores><structure><description><filename>4_adamiak_1_rpr.pdb</filename><errors/></description><score>26.3</score></structure></measureScores>