<?xml version="1.0" encoding="UTF-8" standalone="yes"?><sequenceResults><structure><description><filename>1_solution_0_rpr.pdb</filename><errors/></description><sequence>CCGCCGCGCCAUGCCUGUGGCGGCCGCCGCGCCAUGCCUGUGGCGG</sequence></structure><structure><description><filename>1_santalucia_1_rpr.pdb</filename><errors><error> Target residue (15:A15-C) does not correspond to model residue (A15-U).</error><error> Target residue (18:A18-U) does not correspond to model residue (A18-C).</error><error> Target residue (38:B15-C) does not correspond to model residue (B15-U).</error><error> Target residue (41:B18-U) does not correspond to model residue (B18-C).</error></errors></description><sequence>CCGCCGCGCCAUGCUUGCGGCGGCCGCCGCGCCAUGCUUGCGGCGG</sequence></structure></sequenceResults>