<?xml version="1.0" encoding="UTF-8" standalone="yes"?><measureScores><structure><description><filename>8_Bujnicki_1_rpr.pdb</filename><errors/></description><score>17.759</score></structure></measureScores>