<?xml version="1.0" encoding="UTF-8" standalone="yes"?><sequenceResults><structure><description><filename>4_adamiak_1_rpr.pdb</filename><errors/></description><sequence>GGCUUAUCAAGAGAGGUGGAGGGACUGGCCCGAUGAAACCCGGCAACCACUAGUCUAGCGUCAGCUUCGGCUGACGCUAGGCUAGUGGUGCCAAUUCCUGCAGCGGAAACGUUGAAAGAUGAGCCA</sequence></structure></sequenceResults>