<?xml version="1.0" encoding="UTF-8" standalone="yes"?><measureScores><structure><description><filename>1_das_1_rpr.pdb</filename><errors><error>There is no atom O5' of residue C_ _1_ _B in model 1_das_1_rpr.pdb.</error><error>There is no atom OP1 of residue C_ _1_ _B in model 1_das_1_rpr.pdb.</error><error>There is no atom OP2 of residue C_ _1_ _B in model 1_das_1_rpr.pdb.</error><error>There is no atom P of residue C_ _1_ _B in model 1_das_1_rpr.pdb.</error></errors></description><score>3.96</score></structure></measureScores>