<?xml version="1.0" encoding="UTF-8" standalone="yes"?><fragmentsSequenceResults><structure><description><filename>14_ChenPostExp_1_rpr.pdb</filename><errors/></description><alignment><fragment><residue>U_1_ </residue><distance>31</distance><sequence>CGUUGACCCAGGAAACUGGGCGGAAGUAAGG</sequence></fragment><fragment><residue>U_33_ </residue><distance>29</distance><sequence>CCAUUGCACUCCGGGCCUGAAGCAACGCG</sequence></fragment></alignment></structure></fragmentsSequenceResults>