<?xml version="1.0" encoding="UTF-8" standalone="yes"?><comprehensiveScores><structure><description><filename>14_ChenPostExp_1_rpr.pdb</filename><errors/></description><infs><wc>0.904</wc><nwc>0.094</nwc><stacking>0.653</stacking><all>0.636</all></infs><rmsd>17.326</rmsd><di>27.247</di><p-value>0.9993607</p-value><clashscore>2.06</clashscore></structure></comprehensiveScores>