<?xml version="1.0" encoding="UTF-8" standalone="yes"?><descriptions><basics><filename>model.pdb</filename><errors><error>No. 5: Omitted record. Atom serial number is not integer (   A5). Residue sequence number is not integer ( 2A1). Unrecognized residue name (Z). X coordinate is not floating-point number (   2.A25). Y coordinate is not floating-point number ( -2A.462). Z coordinate is not floating-point number (  -3.A25).</error></errors></basics></descriptions>