<?xml version="1.0" encoding="UTF-8" standalone="yes"?><comprehensiveScores><structure><description><filename>8_Bujnicki_1_rpr.pdb</filename><errors/></description><infs><wc>0.853</wc><nwc>0.205</nwc><stacking>0.737</stacking><all>0.691</all></infs><rmsd>12.265</rmsd><di>17.759</di><p-value>0.0024231</p-value><clashscore>10.57</clashscore></structure></comprehensiveScores>