<?xml version="1.0" encoding="UTF-8" standalone="yes"?><fragmentsSequenceResults><structure><description><filename>1_solution_0_rpr.pdb</filename><errors/></description><alignment><fragment><residue>A_1_ </residue><distance>23</distance><sequence>CCGCCGCGCCAUGCCUGUGGCGG</sequence></fragment><fragment><residue>B_1_ </residue><distance>23</distance><sequence>CCGCCGCGCCAUGCCUGUGGCGG</sequence></fragment></alignment></structure><structure><description><filename>1_santalucia_1_rpr.pdb</filename><errors><error> Target residue (15:A15-C) included in fragment (A_1) does not correspond to model residue (A15-U) included in fragment (A_1).</error><error> Target residue (18:A18-U) included in fragment (A_1) does not correspond to model residue (A18-C) included in fragment (A_1).</error><error> Target residue (15:B15-C) included in fragment (B_1) does not correspond to model residue (B15-U) included in fragment (B_1).</error><error> Target residue (18:B18-U) included in fragment (B_1) does not correspond to model residue (B18-C) included in fragment (B_1).</error></errors></description><alignment><fragment><residue>A_1_ </residue><distance>23</distance><sequence>CCGCCGCGCCAUGCUUGCGGCGG</sequence></fragment><fragment><residue>B_1_ </residue><distance>23</distance><sequence>CCGCCGCGCCAUGCUUGCGGCGG</sequence></fragment></alignment></structure></fragmentsSequenceResults>