<?xml version="1.0" encoding="UTF-8" standalone="yes"?><sequenceResults><structure><description><filename>14_ChenPostExp_1_rpr.pdb</filename><errors/></description><sequence>CGUUGACCCAGGAAACUGGGCGGAAGUAAGGCCAUUGCACUCCGGGCCUGAAGCAACGCG</sequence></structure></sequenceResults>