<?xml version="1.0" encoding="UTF-8" standalone="yes"?><infScores><structure><description><filename>8_Bujnicki_1_rpr.pdb</filename><errors/></description><infs><wc>0.853</wc><nwc>0.205</nwc><stacking>0.737</stacking><all>0.691</all></infs></structure></infScores>